[27Mar2025 21:57:59.732] [main/INFO] [cpw.mods.modlauncher.Launcher/MODLAUNCHER]: ModLauncher running: args [--launchTarget, forgeclientuserdev, --version, 21.1.138, --assetIndex, 17, --assetsDir, C:\\Users\\davio\\.gradle\\caches\\neoformruntime\\assets, --gameDir, ., --fml.neoForgeVersion, 21.1.138, --fml.fmlVersion, 4.0.38, --fml.mcVersion, 1.21.1, --fml.neoFormVersion, 20240808.144430]
[27Mar2025 21:57:59.737] [main/INFO] [cpw.mods.modlauncher.Launcher/MODLAUNCHER]: JVM identified as Eclipse Adoptium OpenJDK 64-Bit Server VM 21.0.6+7-LTS
[27Mar2025 21:57:59.740] [main/INFO] [cpw.mods.modlauncher.Launcher/MODLAUNCHER]: ModLauncher 11.0.4+main.d2e20e43 starting: java version 21.0.6 by Eclipse Adoptium; OS Windows 11 arch amd64 version 10.0
[27Mar2025 21:57:59.898] [main/INFO] [net.neoforged.fml.loading.ImmediateWindowHandler/]: Loading ImmediateWindowProvider fmlearlywindow
[27Mar2025 21:58:00.204] [main/INFO] [EARLYDISPLAY/]: Trying GL version 4.6
[27Mar2025 21:58:00.739] [main/INFO] [EARLYDISPLAY/]: Requested GL version 4.6 got version 4.6
[27Mar2025 21:58:01.187] [main/INFO] [mixin/]: SpongePowered MIXIN Subsystem Version=0.8.7 Source=union:/C:/Users/davio/.gradle/caches/modules-2/files-2.1/net.fabricmc/sponge-mixin/0.15.2+mixin.0.8.7/2af2f021d8e02a0220dc27a7a72b4666d66d44ca/sponge-mixin-0.15.2+mixin.0.8.7.jar%23131!/ Service=ModLauncher Env=CLIENT
[27Mar2025 21:58:01.566] [pool-2-thread-1/INFO] [EARLYDISPLAY/]: GL info: NVIDIA GeForce RTX 4060 Laptop GPU/PCIe/SSE2 GL version 4.6.0 NVIDIA 561.03, NVIDIA Corporation
[27Mar2025 21:58:01.817] [main/INFO] [net.neoforged.fml.loading.moddiscovery.locators.JarInJarDependencyLocator/]: Found 2 dependencies adding them to mods collection
[27Mar2025 21:58:01.823] [main/INFO] [net.neoforged.fml.loading.moddiscovery.ModDiscoverer/]: 
     Mod List:
		Name Version (Mod Id)

		Create Aquatic Ambitions 1.3.1 (create_aquatic_ambitions)
		Minecraft 1.21.1 (minecraft)
		NeoForge 21.1.138 (neoforge)
[27Mar2025 21:58:02.951] [main/INFO] [cpw.mods.modlauncher.LaunchServiceHandler/MODLAUNCHER]: Launching target 'forgeclientuserdev' with arguments [--version, 21.1.138, --gameDir, ., --assetsDir, C:\Users\davio\.gradle\caches\neoformruntime\assets, --assetIndex, 17]
[27Mar2025 21:58:05.451] [Datafixer Bootstrap/INFO] [com.mojang.datafixers.DataFixerBuilder/]: 229 Datafixer optimizations took 415 milliseconds
[27Mar2025 21:58:05.888] [pool-7-thread-1/INFO] [MixinExtras|Service/]: Initializing MixinExtras via com.llamalad7.mixinextras.service.MixinExtrasServiceImpl(version=0.4.1).
[27Mar2025 21:58:11.244] [main/WARN] [net.minecraft.commands.Commands/]: Ambiguity between arguments [teleport, location] and [teleport, destination] with inputs: [0.1 -0.5 .9, 0 0 0]
[27Mar2025 21:58:11.245] [main/WARN] [net.minecraft.commands.Commands/]: Ambiguity between arguments [teleport, location] and [teleport, targets] with inputs: [0.1 -0.5 .9, 0 0 0]
[27Mar2025 21:58:11.248] [main/WARN] [net.minecraft.commands.Commands/]: Ambiguity between arguments [teleport, destination] and [teleport, targets] with inputs: [Player, 0123, @e, dd12be42-52a9-4a91-a8a1-11c01849e498]
[27Mar2025 21:58:11.249] [main/WARN] [net.minecraft.commands.Commands/]: Ambiguity between arguments [teleport, targets] and [teleport, destination] with inputs: [Player, 0123, dd12be42-52a9-4a91-a8a1-11c01849e498]
[27Mar2025 21:58:11.250] [main/WARN] [net.minecraft.commands.Commands/]: Ambiguity between arguments [teleport, targets, location] and [teleport, targets, destination] with inputs: [0.1 -0.5 .9, 0 0 0]
[27Mar2025 21:58:11.411] [Render thread/WARN] [net.minecraft.server.packs.VanillaPackResourcesBuilder/]: Assets URL 'union:/C:/Users/davio/Minecraft%20Modding/Create%20Aquatic%20Ambitions/dev/create-aquatic-ambitions-neoforge/build/moddev/artifacts/neoforge-21.1.138.jar%23183!/assets/.mcassetsroot' uses unexpected schema
[27Mar2025 21:58:11.412] [Render thread/WARN] [net.minecraft.server.packs.VanillaPackResourcesBuilder/]: Assets URL 'union:/C:/Users/davio/Minecraft%20Modding/Create%20Aquatic%20Ambitions/dev/create-aquatic-ambitions-neoforge/build/moddev/artifacts/neoforge-21.1.138.jar%23183!/data/.mcassetsroot' uses unexpected schema
[27Mar2025 21:58:11.504] [Render thread/INFO] [com.mojang.authlib.yggdrasil.YggdrasilAuthenticationService/]: Environment: Environment[sessionHost=https://sessionserver.mojang.com, servicesHost=https://api.minecraftservices.com, name=PROD]
[27Mar2025 21:58:11.536] [Render thread/INFO] [net.minecraft.client.Minecraft/]: Setting user: Dev
[27Mar2025 21:58:11.677] [Render thread/INFO] [net.minecraft.client.Minecraft/]: Backend library: LWJGL version 3.3.3+5
[27Mar2025 21:58:12.145] [modloading-worker-0/INFO] [net.neoforged.neoforge.common.NeoForgeMod/NEOFORGE-MOD]: NeoForge mod loading, version 21.1.138, for MC 1.21.1
[27Mar2025 21:58:14.024] [Render thread/INFO] [net.neoforged.neoforge.gametest.GameTestHooks/]: Enabled Gametest Namespaces: [create_aquatic_ambitions]
[27Mar2025 21:58:14.210] [Render thread/INFO] [net.minecraft.server.packs.resources.ReloadableResourceManager/]: Reloading ResourceManager: vanilla, mod_resources, mod/create_aquatic_ambitions, mod/neoforge
[27Mar2025 21:58:14.222] [Worker-Main-1/INFO] [net.davio.aquaticambitions.CreateAquaticAmbitons/]: HELLO FROM COMMON SETUP
[27Mar2025 21:58:14.223] [Worker-Main-1/INFO] [net.davio.aquaticambitions.CreateAquaticAmbitons/]: DIRT BLOCK >> minecraft:dirt
[27Mar2025 21:58:14.223] [Worker-Main-1/INFO] [net.davio.aquaticambitions.CreateAquaticAmbitons/]: The magic number is... 42
[27Mar2025 21:58:14.223] [Worker-Main-1/INFO] [net.davio.aquaticambitions.CreateAquaticAmbitons/]: ITEM >> minecraft:iron_ingot
[27Mar2025 21:58:14.460] [Worker-Main-13/INFO] [net.minecraft.client.gui.font.providers.UnihexProvider/]: Found unifont_all_no_pua-15.1.05.hex, loading
[27Mar2025 21:58:14.475] [Worker-Main-14/INFO] [net.minecraft.client.gui.font.providers.UnihexProvider/]: Found unifont_jp_patch-15.1.05.hex, loading
[27Mar2025 21:58:14.514] [Worker-Main-17/INFO] [net.davio.aquaticambitions.CreateAquaticAmbitons/]: HELLO FROM CLIENT SETUP
[27Mar2025 21:58:14.515] [Worker-Main-17/INFO] [net.davio.aquaticambitions.CreateAquaticAmbitons/]: MINECRAFT NAME >> Dev
[27Mar2025 21:58:16.340] [Render thread/WARN] [net.minecraft.client.sounds.SoundEngine/]: Missing sound for event: minecraft:item.goat_horn.play
[27Mar2025 21:58:16.340] [Render thread/WARN] [net.minecraft.client.sounds.SoundEngine/]: Missing sound for event: minecraft:entity.goat.screaming.horn_break
[27Mar2025 21:58:16.996] [Render thread/INFO] [com.mojang.blaze3d.audio.Library/]: OpenAL initialized on device OpenAL Soft on Headphones (Realtek(R) Audio)
[27Mar2025 21:58:16.998] [Render thread/INFO] [net.minecraft.client.sounds.SoundEngine/SOUNDS]: Sound engine started
[27Mar2025 21:58:17.135] [Render thread/INFO] [net.minecraft.client.renderer.texture.TextureAtlas/]: Created: 1024x512x4 minecraft:textures/atlas/blocks.png-atlas
[27Mar2025 21:58:17.143] [Render thread/INFO] [net.minecraft.client.renderer.texture.TextureAtlas/]: Created: 256x256x4 minecraft:textures/atlas/signs.png-atlas
[27Mar2025 21:58:17.143] [Render thread/INFO] [net.minecraft.client.renderer.texture.TextureAtlas/]: Created: 512x512x4 minecraft:textures/atlas/shield_patterns.png-atlas
[27Mar2025 21:58:17.144] [Render thread/INFO] [net.minecraft.client.renderer.texture.TextureAtlas/]: Created: 512x512x4 minecraft:textures/atlas/banner_patterns.png-atlas
[27Mar2025 21:58:17.144] [Render thread/INFO] [net.minecraft.client.renderer.texture.TextureAtlas/]: Created: 1024x1024x4 minecraft:textures/atlas/armor_trims.png-atlas
[27Mar2025 21:58:17.147] [Render thread/INFO] [net.minecraft.client.renderer.texture.TextureAtlas/]: Created: 256x256x4 minecraft:textures/atlas/chest.png-atlas
[27Mar2025 21:58:17.147] [Render thread/INFO] [net.minecraft.client.renderer.texture.TextureAtlas/]: Created: 128x64x4 minecraft:textures/atlas/decorated_pot.png-atlas
[27Mar2025 21:58:17.147] [Render thread/INFO] [net.minecraft.client.renderer.texture.TextureAtlas/]: Created: 512x256x4 minecraft:textures/atlas/shulker_boxes.png-atlas
[27Mar2025 21:58:17.147] [Render thread/INFO] [net.minecraft.client.renderer.texture.TextureAtlas/]: Created: 512x256x4 minecraft:textures/atlas/beds.png-atlas
[27Mar2025 21:58:17.375] [Render thread/INFO] [net.minecraft.client.renderer.texture.TextureAtlas/]: Created: 512x256x0 minecraft:textures/atlas/particles.png-atlas
[27Mar2025 21:58:17.376] [Render thread/INFO] [net.minecraft.client.renderer.texture.TextureAtlas/]: Created: 512x256x0 minecraft:textures/atlas/paintings.png-atlas
[27Mar2025 21:58:17.377] [Render thread/INFO] [net.minecraft.client.renderer.texture.TextureAtlas/]: Created: 256x128x0 minecraft:textures/atlas/mob_effects.png-atlas
[27Mar2025 21:58:17.377] [Render thread/INFO] [net.minecraft.client.renderer.texture.TextureAtlas/]: Created: 64x64x0 minecraft:textures/atlas/map_decorations.png-atlas
[27Mar2025 21:58:17.377] [Render thread/INFO] [net.minecraft.client.renderer.texture.TextureAtlas/]: Created: 1024x512x0 minecraft:textures/atlas/gui.png-atlas
[27Mar2025 21:58:17.400] [Render thread/WARN] [net.minecraft.client.renderer.ShaderInstance/]: Shader rendertype_entity_translucent_emissive could not find sampler named Sampler2 in the specified shader program.
[27Mar2025 21:58:17.456] [Render thread/INFO] [net.neoforged.neoforge.client.entity.animation.json.AnimationLoader/]: Loaded 0 entity animations
[27Mar2025 21:58:32.706] [Render thread/INFO] [net.minecraft.client.Minecraft/]: Stopping!
